// Jest Snapshot v1, https://goo.gl/fbAQLP

exports[`admin/products form 1`] = `
[MockFunction] {
  "calls": Array [
    Array [
      Object {
        "url": "shipping-tpls?limit=500",
      },
    ],
    Array [
      Object {
        "loading": true,
        "method": "get",
        "params": Object {
          "limit": 500,
        },
        "url": "/api/admin/categories",
      },
    ],
    Array [
      Object {
        "loading": true,
        "method": "get",
        "url": "/api/admin/products/defaults",
      },
    ],
  ],
  "results": Array [
    Object {
      "type": "return",
      "value": Promise {
        "reject": [Function],
        "resolve": [Function],
      },
    },
    Object {
      "type": "return",
      "value": Promise {
        "reject": [Function],
        "resolve": [Function],
      },
    },
    Object {
      "type": "return",
      "value": Promise {
        "reject": [Function],
        "resolve": [Function],
      },
    },
  ],
}
`;

exports[`admin/products form 2`] = `
[MockFunction] {
  "calls": Array [
    Array [
      Object {
        "url": "shipping-tpls?limit=500",
      },
    ],
    Array [
      Object {
        "loading": true,
        "method": "get",
        "params": Object {
          "limit": 500,
        },
        "url": "/api/admin/categories",
      },
    ],
    Array [
      Object {
        "loading": true,
        "method": "get",
        "url": "/api/admin/products/defaults",
      },
    ],
    Array [
      Object {
        "url": "shipping-tpls?limit=500",
      },
    ],
  ],
  "results": Array [
    Object {
      "type": "return",
      "value": Promise {
        "reject": [Function],
        "resolve": [Function],
      },
    },
    Object {
      "type": "return",
      "value": Promise {
        "reject": [Function],
        "resolve": [Function],
      },
    },
    Object {
      "type": "return",
      "value": Promise {
        "reject": [Function],
        "resolve": [Function],
      },
    },
    Object {
      "type": "return",
      "value": Promise {
        "reject": [Function],
        "resolve": [Function],
      },
    },
  ],
}
`;
